I'm sorry, but errors were detected in your script. Please correct the
errors listed below, and try again.


File "game/script.rpy", line 8: invalid syntax
    im.Scale("couch.jpg" 1920, 1080)
                          ^

Ren'Py Version: Ren'Py 8.1.1.23060707
Mon Jun 12 01:33:03 2023
